[     430ms] [INFO] Slow network is detected. See https://www.chromestatus.com/feature/5636954674692096 for more details. Fallback font will be used while loading: https://www.tiku.cn/static/lib/font-awesome-4.7.0/fonts/fontawesome-webfont.woff2?v=4.7.0 @ https://www.tiku.cn/chapterq?cid=13&cno=1&typeid=0:1723
[     479ms] [WARNING] ⚠️ 未找到选择器 ".test-basket" 对应的元素 @ https://www.tiku.cn/static/js/tk.js:15
[     480ms] [WARNING] ⚠️ 未找到选择器 ".mask" 对应的元素 @ https://www.tiku.cn/static/js/tk.js:15
[     480ms] [WARNING] ⚠️ 未找到ID为 "cancelClick" 的元素 @ https://www.tiku.cn/static/js/tk.js:10
[     480ms] [WARNING] ⚠️ 未找到选择器 ".basket-close" 对应的元素 @ https://www.tiku.cn/static/js/tk.js:15
[     480ms] [WARNING] ⚠️ 未找到ID为 "nextstep" 的元素 @ https://www.tiku.cn/static/js/tk.js:10
[     480ms] [WARNING] ⚠️ 未找到选择器 ".tb-save" 对应的元素 @ https://www.tiku.cn/static/js/tk.js:15
[     480ms] [WARNING] ⚠️ 未找到ID为 "tb-save-close" 的元素 @ https://www.tiku.cn/static/js/tk.js:10
[     480ms] [WARNING] ⚠️ 未找到ID为 "basket-canel" 的元素 @ https://www.tiku.cn/static/js/tk.js:10
[     480ms] [WARNING] ⚠️ 未找到ID为 "radio-1" 的元素 @ https://www.tiku.cn/static/js/tk.js:10
[     480ms] [WARNING] ⚠️ 未找到ID为 "radio-2" 的元素 @ https://www.tiku.cn/static/js/tk.js:10
[     480ms] [WARNING] ⚠️ 未找到ID为 "radio-3" 的元素 @ https://www.tiku.cn/static/js/tk.js:10
[     480ms] [WARNING] ⚠️ 未找到ID为 "sel_1" 的元素 @ https://www.tiku.cn/static/js/tk.js:10
[     480ms] [WARNING] ⚠️ 未找到ID为 "sel_2" 的元素 @ https://www.tiku.cn/static/js/tk.js:10
[     480ms] [WARNING] ⚠️ 未找到ID为 "sel_3" 的元素 @ https://www.tiku.cn/static/js/tk.js:10
[     480ms] [WARNING] ⚠️ 未找到ID为 "sel_4" 的元素 @ https://www.tiku.cn/static/js/tk.js:10
[     485ms] [ERROR] Failed to load resource: net::ERR_CONNECTION_CLOSED @ https://hm.baidu.com/hm.js?02f32149c7ea90d0cd47ed89025e457c:0
[   66962ms] [LOG] [CaptureOverlay] destroy() called, overlay exists: true @ chrome-extension://enkdihhbkonapcacjeiglddkddmbpfej/content/content-main.js:0
[   66962ms] [LOG] [CaptureOverlay] removing overlay from DOM @ chrome-extension://enkdihhbkonapcacjeiglddkddmbpfej/content/content-main.js:0
[  667249ms] [LOG] [CaptureOverlay] destroy() called, overlay exists: true @ chrome-extension://enkdihhbkonapcacjeiglddkddmbpfej/content/content-main.js:0
[  667255ms] [LOG] [CaptureOverlay] removing overlay from DOM @ chrome-extension://enkdihhbkonapcacjeiglddkddmbpfej/content/content-main.js:0
[ 1584656ms] [LOG] [CaptureOverlay] destroy() called, overlay exists: true @ chrome-extension://enkdihhbkonapcacjeiglddkddmbpfej/content/content-main.js:0
[ 1584661ms] [LOG] [CaptureOverlay] removing overlay from DOM @ chrome-extension://enkdihhbkonapcacjeiglddkddmbpfej/content/content-main.js:0
[ 1964567ms] [ERROR] [ErrorLogger] Failed to persist error log: Error: Extension context invalidated.
    at Ih (chrome-extension://enkdihhbkonapcacjeiglddkddmbpfej/content/content-main.js:40:886)
    at ct (chrome-extension://enkdihhbkonapcacjeiglddkddmbpfej/content/content-main.js:40:795)
    at Dh (chrome-extension://enkdihhbkonapcacjeiglddkddmbpfej/content/content-main.js:40:1488)
    at O (chrome-extension://enkdihhbkonapcacjeiglddkddmbpfej/content/content-main.js:40:1307)
    at fi (chrome-extension://enkdihhbkonapcacjeiglddkddmbpfej/content/content-main.js:99:2647)
    at sm.onRetakeCallback (chrome-extension://enkdihhbkonapcacjeiglddkddmbpfej/content/content-main.js:99:1048)
    at chrome-extension://enkdihhbkonapcacjeiglddkddmbpfej/content/content-main.js:52:601 @ chrome-extension://enkdihhbkonapcacjeiglddkddmbpfej/content/content-main.js:39
[ 1964981ms] Error: Extension context invalidated.
    at Ms (chrome-extension://enkdihhbkonapcacjeiglddkddmbpfej/content/content-main.js:46:2559)
    at nm (chrome-extension://enkdihhbkonapcacjeiglddkddmbpfej/content/content-main.js:46:2435)
    at sm.onStateChange (chrome-extension://enkdihhbkonapcacjeiglddkddmbpfej/content/content-main.js:46:4888)
    at onStateChange (chrome-extension://enkdihhbkonapcacjeiglddkddmbpfej/content/content-main.js:52:769)
    at chrome-extension://enkdihhbkonapcacjeiglddkddmbpfej/content/content-main.js:40:2167
[ 2052300ms] [LOG] [CaptureOverlay] destroy() called, overlay exists: true @ chrome-extension://enkdihhbkonapcacjeiglddkddmbpfej/content/content-main.js:0
[ 2052301ms] [LOG] [CaptureOverlay] removing overlay from DOM @ chrome-extension://enkdihhbkonapcacjeiglddkddmbpfej/content/content-main.js:0
[ 2052301ms] [ERROR] [ErrorLogger] Failed to persist error log: Error: Extension context invalidated.
    at Ih (chrome-extension://enkdihhbkonapcacjeiglddkddmbpfej/content/content-main.js:40:886)
    at ct (chrome-extension://enkdihhbkonapcacjeiglddkddmbpfej/content/content-main.js:40:795)
    at Dh (chrome-extension://enkdihhbkonapcacjeiglddkddmbpfej/content/content-main.js:40:1488)
    at O (chrome-extension://enkdihhbkonapcacjeiglddkddmbpfej/content/content-main.js:40:1307)
    at yg (chrome-extension://enkdihhbkonapcacjeiglddkddmbpfej/content/content-main.js:99:2818)
    at rd.onSubmit (chrome-extension://enkdihhbkonapcacjeiglddkddmbpfej/content/content-main.js:99:2702)
    at rd.submit (chrome-extension://enkdihhbkonapcacjeiglddkddmbpfej/content/content-main.js:1:5356)
    at onAnalyze (chrome-extension://enkdihhbkonapcacjeiglddkddmbpfej/content/content-main.js:1:5069)
    at HTMLButtonElement.<anonymous> (chrome-extension://enkdihhbkonapcacjeiglddkddmbpfej/content/content-main.js:1:2118) @ chrome-extension://enkdihhbkonapcacjeiglddkddmbpfej/content/content-main.js:39
[ 2052309ms] [ERROR] [ErrorLogger] Failed to persist error log: Error: Extension context invalidated.
    at Ih (chrome-extension://enkdihhbkonapcacjeiglddkddmbpfej/content/content-main.js:40:886)
    at ct (chrome-extension://enkdihhbkonapcacjeiglddkddmbpfej/content/content-main.js:40:795)
    at Dh (chrome-extension://enkdihhbkonapcacjeiglddkddmbpfej/content/content-main.js:40:1488)
    at O (chrome-extension://enkdihhbkonapcacjeiglddkddmbpfej/content/content-main.js:40:1307)
    at sm.open (chrome-extension://enkdihhbkonapcacjeiglddkddmbpfej/content/content-main.js:46:4497)
    at yg (chrome-extension://enkdihhbkonapcacjeiglddkddmbpfej/content/content-main.js:99:3124)
    at rd.onSubmit (chrome-extension://enkdihhbkonapcacjeiglddkddmbpfej/content/content-main.js:99:2702)
    at rd.submit (chrome-extension://enkdihhbkonapcacjeiglddkddmbpfej/content/content-main.js:1:5356)
    at onAnalyze (chrome-extension://enkdihhbkonapcacjeiglddkddmbpfej/content/content-main.js:1:5069)
    at HTMLButtonElement.<anonymous> (chrome-extension://enkdihhbkonapcacjeiglddkddmbpfej/content/content-main.js:1:2118) @ chrome-extension://enkdihhbkonapcacjeiglddkddmbpfej/content/content-main.js:39
[ 2052311ms] Error: Extension context invalidated.
    at Ms (chrome-extension://enkdihhbkonapcacjeiglddkddmbpfej/content/content-main.js:46:2559)
    at sm.syncSavedPosition (chrome-extension://enkdihhbkonapcacjeiglddkddmbpfej/content/content-main.js:46:4994)
    at sm.open (chrome-extension://enkdihhbkonapcacjeiglddkddmbpfej/content/content-main.js:46:4400)
    at yg (chrome-extension://enkdihhbkonapcacjeiglddkddmbpfej/content/content-main.js:99:3124)
    at rd.onSubmit (chrome-extension://enkdihhbkonapcacjeiglddkddmbpfej/content/content-main.js:99:2702)
    at rd.submit (chrome-extension://enkdihhbkonapcacjeiglddkddmbpfej/content/content-main.js:1:5356)
    at onAnalyze (chrome-extension://enkdihhbkonapcacjeiglddkddmbpfej/content/content-main.js:1:5069)
    at HTMLButtonElement.<anonymous> (chrome-extension://enkdihhbkonapcacjeiglddkddmbpfej/content/content-main.js:1:2118)
[ 2052312ms] Error: Extension context invalidated.
    at xf (chrome-extension://enkdihhbkonapcacjeiglddkddmbpfej/content/content-main.js:46:2659)
    at yg (chrome-extension://enkdihhbkonapcacjeiglddkddmbpfej/content/content-main.js:99:4742)
[ 2157980ms] [ERROR] [ErrorLogger] Failed to persist error log: Error: Extension context invalidated.
    at Ih (chrome-extension://enkdihhbkonapcacjeiglddkddmbpfej/content/content-main.js:40:886)
    at ct (chrome-extension://enkdihhbkonapcacjeiglddkddmbpfej/content/content-main.js:40:795)
    at Dh (chrome-extension://enkdihhbkonapcacjeiglddkddmbpfej/content/content-main.js:40:1488)
    at O (chrome-extension://enkdihhbkonapcacjeiglddkddmbpfej/content/content-main.js:40:1307)
    at HTMLDocument.<anonymous> (chrome-extension://enkdihhbkonapcacjeiglddkddmbpfej/content/content-main.js:99:1221) @ chrome-extension://enkdihhbkonapcacjeiglddkddmbpfej/content/content-main.js:39
[ 2157981ms] [ERROR] [ErrorLogger] Failed to persist error log: Error: Extension context invalidated.
    at Ih (chrome-extension://enkdihhbkonapcacjeiglddkddmbpfej/content/content-main.js:40:886)
    at ct (chrome-extension://enkdihhbkonapcacjeiglddkddmbpfej/content/content-main.js:40:795)
    at Dh (chrome-extension://enkdihhbkonapcacjeiglddkddmbpfej/content/content-main.js:40:1488)
    at O (chrome-extension://enkdihhbkonapcacjeiglddkddmbpfej/content/content-main.js:40:1307)
    at fi (chrome-extension://enkdihhbkonapcacjeiglddkddmbpfej/content/content-main.js:99:2647)
    at HTMLDocument.<anonymous> (chrome-extension://enkdihhbkonapcacjeiglddkddmbpfej/content/content-main.js:99:1263) @ chrome-extension://enkdihhbkonapcacjeiglddkddmbpfej/content/content-main.js:39
[ 2234305ms] [LOG] [CaptureOverlay] destroy() called, overlay exists: true @ chrome-extension://enkdihhbkonapcacjeiglddkddmbpfej/content/content-main.js:0
[ 2234306ms] [LOG] [CaptureOverlay] removing overlay from DOM @ chrome-extension://enkdihhbkonapcacjeiglddkddmbpfej/content/content-main.js:0
[ 2234306ms] [ERROR] [ErrorLogger] Failed to persist error log: Error: Extension context invalidated.
    at Ih (chrome-extension://enkdihhbkonapcacjeiglddkddmbpfej/content/content-main.js:40:886)
    at ct (chrome-extension://enkdihhbkonapcacjeiglddkddmbpfej/content/content-main.js:40:795)
    at Dh (chrome-extension://enkdihhbkonapcacjeiglddkddmbpfej/content/content-main.js:40:1488)
    at O (chrome-extension://enkdihhbkonapcacjeiglddkddmbpfej/content/content-main.js:40:1307)
    at yg (chrome-extension://enkdihhbkonapcacjeiglddkddmbpfej/content/content-main.js:99:2818)
    at rd.onSubmit (chrome-extension://enkdihhbkonapcacjeiglddkddmbpfej/content/content-main.js:99:2702)
    at rd.submit (chrome-extension://enkdihhbkonapcacjeiglddkddmbpfej/content/content-main.js:1:5356)
    at onAnalyze (chrome-extension://enkdihhbkonapcacjeiglddkddmbpfej/content/content-main.js:1:5069)
    at HTMLButtonElement.<anonymous> (chrome-extension://enkdihhbkonapcacjeiglddkddmbpfej/content/content-main.js:1:2118) @ chrome-extension://enkdihhbkonapcacjeiglddkddmbpfej/content/content-main.js:39
[ 2234310ms] [ERROR] [ErrorLogger] Failed to persist error log: Error: Extension context invalidated.
    at Ih (chrome-extension://enkdihhbkonapcacjeiglddkddmbpfej/content/content-main.js:40:886)
    at ct (chrome-extension://enkdihhbkonapcacjeiglddkddmbpfej/content/content-main.js:40:795)
    at Dh (chrome-extension://enkdihhbkonapcacjeiglddkddmbpfej/content/content-main.js:40:1488)
    at O (chrome-extension://enkdihhbkonapcacjeiglddkddmbpfej/content/content-main.js:40:1307)
    at sm.open (chrome-extension://enkdihhbkonapcacjeiglddkddmbpfej/content/content-main.js:46:4497)
    at yg (chrome-extension://enkdihhbkonapcacjeiglddkddmbpfej/content/content-main.js:99:3124)
    at rd.onSubmit (chrome-extension://enkdihhbkonapcacjeiglddkddmbpfej/content/content-main.js:99:2702)
    at rd.submit (chrome-extension://enkdihhbkonapcacjeiglddkddmbpfej/content/content-main.js:1:5356)
    at onAnalyze (chrome-extension://enkdihhbkonapcacjeiglddkddmbpfej/content/content-main.js:1:5069)
    at HTMLButtonElement.<anonymous> (chrome-extension://enkdihhbkonapcacjeiglddkddmbpfej/content/content-main.js:1:2118) @ chrome-extension://enkdihhbkonapcacjeiglddkddmbpfej/content/content-main.js:39
[ 2234311ms] Error: Extension context invalidated.
    at Ms (chrome-extension://enkdihhbkonapcacjeiglddkddmbpfej/content/content-main.js:46:2559)
    at sm.syncSavedPosition (chrome-extension://enkdihhbkonapcacjeiglddkddmbpfej/content/content-main.js:46:4994)
    at sm.open (chrome-extension://enkdihhbkonapcacjeiglddkddmbpfej/content/content-main.js:46:4400)
    at yg (chrome-extension://enkdihhbkonapcacjeiglddkddmbpfej/content/content-main.js:99:3124)
    at rd.onSubmit (chrome-extension://enkdihhbkonapcacjeiglddkddmbpfej/content/content-main.js:99:2702)
    at rd.submit (chrome-extension://enkdihhbkonapcacjeiglddkddmbpfej/content/content-main.js:1:5356)
    at onAnalyze (chrome-extension://enkdihhbkonapcacjeiglddkddmbpfej/content/content-main.js:1:5069)
    at HTMLButtonElement.<anonymous> (chrome-extension://enkdihhbkonapcacjeiglddkddmbpfej/content/content-main.js:1:2118)
[ 2234312ms] Error: Extension context invalidated.
    at xf (chrome-extension://enkdihhbkonapcacjeiglddkddmbpfej/content/content-main.js:46:2659)
    at yg (chrome-extension://enkdihhbkonapcacjeiglddkddmbpfej/content/content-main.js:99:4742)
