[     331ms] [INFO] Slow network is detected. See https://www.chromestatus.com/feature/5636954674692096 for more details. Fallback font will be used while loading: https://www.tiku.cn/static/lib/font-awesome-4.7.0/fonts/fontawesome-webfont.woff2?v=4.7.0 @ https://www.tiku.cn/chapterq?cid=13&cno=1&typeid=0:0
[     530ms] [WARNING] ⚠️ 未找到选择器 ".test-basket" 对应的元素 @ https://www.tiku.cn/static/js/tk.js:15
[     530ms] [WARNING] ⚠️ 未找到选择器 ".mask" 对应的元素 @ https://www.tiku.cn/static/js/tk.js:15
[     530ms] [WARNING] ⚠️ 未找到ID为 "cancelClick" 的元素 @ https://www.tiku.cn/static/js/tk.js:10
[     531ms] [WARNING] ⚠️ 未找到选择器 ".basket-close" 对应的元素 @ https://www.tiku.cn/static/js/tk.js:15
[     531ms] [WARNING] ⚠️ 未找到ID为 "nextstep" 的元素 @ https://www.tiku.cn/static/js/tk.js:10
[     531ms] [WARNING] ⚠️ 未找到选择器 ".tb-save" 对应的元素 @ https://www.tiku.cn/static/js/tk.js:15
[     531ms] [WARNING] ⚠️ 未找到ID为 "tb-save-close" 的元素 @ https://www.tiku.cn/static/js/tk.js:10
[     531ms] [WARNING] ⚠️ 未找到ID为 "basket-canel" 的元素 @ https://www.tiku.cn/static/js/tk.js:10
[     531ms] [WARNING] ⚠️ 未找到ID为 "radio-1" 的元素 @ https://www.tiku.cn/static/js/tk.js:10
[     531ms] [WARNING] ⚠️ 未找到ID为 "radio-2" 的元素 @ https://www.tiku.cn/static/js/tk.js:10
[     531ms] [WARNING] ⚠️ 未找到ID为 "radio-3" 的元素 @ https://www.tiku.cn/static/js/tk.js:10
[     531ms] [WARNING] ⚠️ 未找到ID为 "sel_1" 的元素 @ https://www.tiku.cn/static/js/tk.js:10
[     531ms] [WARNING] ⚠️ 未找到ID为 "sel_2" 的元素 @ https://www.tiku.cn/static/js/tk.js:10
[     531ms] [WARNING] ⚠️ 未找到ID为 "sel_3" 的元素 @ https://www.tiku.cn/static/js/tk.js:10
[     531ms] [WARNING] ⚠️ 未找到ID为 "sel_4" 的元素 @ https://www.tiku.cn/static/js/tk.js:10
[     539ms] [ERROR] Failed to load resource: net::ERR_CONNECTION_CLOSED @ https://hm.baidu.com/hm.js?02f32149c7ea90d0cd47ed89025e457c:0
[  116329ms] [LOG] [CaptureOverlay] destroy() called, overlay exists: true @ chrome-extension://enkdihhbkonapcacjeiglddkddmbpfej/content/content-main.js:0
[  116330ms] [LOG] [CaptureOverlay] removing overlay from DOM @ chrome-extension://enkdihhbkonapcacjeiglddkddmbpfej/content/content-main.js:0
[  122348ms] [WARNING] [Capture] screenshot attempt timed out @ chrome-extension://enkdihhbkonapcacjeiglddkddmbpfej/content/content-main.js:102
[  128874ms] [WARNING] [Capture] screenshot attempt timed out @ chrome-extension://enkdihhbkonapcacjeiglddkddmbpfej/content/content-main.js:102
[  385687ms] [ERROR] [ErrorLogger] Failed to persist error log: Error: Extension context invalidated.
    at Ih (chrome-extension://enkdihhbkonapcacjeiglddkddmbpfej/content/content-main.js:40:886)
    at ct (chrome-extension://enkdihhbkonapcacjeiglddkddmbpfej/content/content-main.js:40:795)
    at Dh (chrome-extension://enkdihhbkonapcacjeiglddkddmbpfej/content/content-main.js:40:1488)
    at O (chrome-extension://enkdihhbkonapcacjeiglddkddmbpfej/content/content-main.js:40:1307)
    at HTMLDocument.<anonymous> (chrome-extension://enkdihhbkonapcacjeiglddkddmbpfej/content/content-main.js:99:1221) @ chrome-extension://enkdihhbkonapcacjeiglddkddmbpfej/content/content-main.js:39
[  385694ms] [ERROR] [ErrorLogger] Failed to persist error log: Error: Extension context invalidated.
    at Ih (chrome-extension://enkdihhbkonapcacjeiglddkddmbpfej/content/content-main.js:40:886)
    at ct (chrome-extension://enkdihhbkonapcacjeiglddkddmbpfej/content/content-main.js:40:795)
    at Dh (chrome-extension://enkdihhbkonapcacjeiglddkddmbpfej/content/content-main.js:40:1488)
    at O (chrome-extension://enkdihhbkonapcacjeiglddkddmbpfej/content/content-main.js:40:1307)
    at fi (chrome-extension://enkdihhbkonapcacjeiglddkddmbpfej/content/content-main.js:99:2647)
    at HTMLDocument.<anonymous> (chrome-extension://enkdihhbkonapcacjeiglddkddmbpfej/content/content-main.js:99:1263) @ chrome-extension://enkdihhbkonapcacjeiglddkddmbpfej/content/content-main.js:39
