[     202ms] [WARNING] ⚠️ 未找到选择器 ".test-basket" 对应的元素 @ https://www.tiku.cn/static/js/tk.js:15
[     202ms] [WARNING] ⚠️ 未找到选择器 ".mask" 对应的元素 @ https://www.tiku.cn/static/js/tk.js:15
[     202ms] [WARNING] ⚠️ 未找到ID为 "cancelClick" 的元素 @ https://www.tiku.cn/static/js/tk.js:10
[     202ms] [WARNING] ⚠️ 未找到选择器 ".basket-close" 对应的元素 @ https://www.tiku.cn/static/js/tk.js:15
[     202ms] [WARNING] ⚠️ 未找到ID为 "nextstep" 的元素 @ https://www.tiku.cn/static/js/tk.js:10
[     202ms] [WARNING] ⚠️ 未找到选择器 ".tb-save" 对应的元素 @ https://www.tiku.cn/static/js/tk.js:15
[     202ms] [WARNING] ⚠️ 未找到ID为 "tb-save-close" 的元素 @ https://www.tiku.cn/static/js/tk.js:10
[     202ms] [WARNING] ⚠️ 未找到ID为 "basket-canel" 的元素 @ https://www.tiku.cn/static/js/tk.js:10
[     202ms] [WARNING] ⚠️ 未找到ID为 "radio-1" 的元素 @ https://www.tiku.cn/static/js/tk.js:10
[     202ms] [WARNING] ⚠️ 未找到ID为 "radio-2" 的元素 @ https://www.tiku.cn/static/js/tk.js:10
[     202ms] [WARNING] ⚠️ 未找到ID为 "radio-3" 的元素 @ https://www.tiku.cn/static/js/tk.js:10
[     203ms] [WARNING] ⚠️ 未找到ID为 "sel_1" 的元素 @ https://www.tiku.cn/static/js/tk.js:10
[     203ms] [WARNING] ⚠️ 未找到ID为 "sel_2" 的元素 @ https://www.tiku.cn/static/js/tk.js:10
[     203ms] [WARNING] ⚠️ 未找到ID为 "sel_3" 的元素 @ https://www.tiku.cn/static/js/tk.js:10
[     203ms] [WARNING] ⚠️ 未找到ID为 "sel_4" 的元素 @ https://www.tiku.cn/static/js/tk.js:10
[     214ms] [ERROR] Failed to load resource: net::ERR_CONNECTION_CLOSED @ https://hm.baidu.com/hm.js?02f32149c7ea90d0cd47ed89025e457c:0
[   23997ms] [LOG] [CaptureOverlay] destroy() called, overlay exists: true @ chrome-extension://enkdihhbkonapcacjeiglddkddmbpfej/content/content-main.js:0
[   23997ms] [LOG] [CaptureOverlay] removing overlay from DOM @ chrome-extension://enkdihhbkonapcacjeiglddkddmbpfej/content/content-main.js:0
[   24218ms] [INFO] [ManualParse] attempt start {blockId: manual-1777560031197, attempt: 1, timeoutMs: 10000, route: vision, hasImageDataUrl: true} @ chrome-extension://enkdihhbkonapcacjeiglddkddmbpfej/content/content-main.js:98
[   32340ms] [INFO] [ManualParse] attempt success {blockId: manual-1777560031197, attempt: 1, timeoutMs: 10000, route: vision, elapsedMs: 8121} @ chrome-extension://enkdihhbkonapcacjeiglddkddmbpfej/content/content-main.js:98
[   37321ms] [LOG] [CaptureOverlay] destroy() called, overlay exists: true @ chrome-extension://enkdihhbkonapcacjeiglddkddmbpfej/content/content-main.js:0
[   37322ms] [LOG] [CaptureOverlay] removing overlay from DOM @ chrome-extension://enkdihhbkonapcacjeiglddkddmbpfej/content/content-main.js:0
[   37528ms] [INFO] [ManualParse] attempt start {blockId: manual-1777560044529, attempt: 1, timeoutMs: 10000, route: vision, hasImageDataUrl: true} @ chrome-extension://enkdihhbkonapcacjeiglddkddmbpfej/content/content-main.js:98
[   46226ms] [INFO] [ManualParse] attempt success {blockId: manual-1777560044529, attempt: 1, timeoutMs: 10000, route: vision, elapsedMs: 8698} @ chrome-extension://enkdihhbkonapcacjeiglddkddmbpfej/content/content-main.js:98
[   51389ms] [LOG] [CaptureOverlay] destroy() called, overlay exists: true @ chrome-extension://enkdihhbkonapcacjeiglddkddmbpfej/content/content-main.js:0
[   51389ms] [LOG] [CaptureOverlay] removing overlay from DOM @ chrome-extension://enkdihhbkonapcacjeiglddkddmbpfej/content/content-main.js:0
[   51587ms] [INFO] [ManualParse] attempt start {blockId: manual-1777560058587, attempt: 1, timeoutMs: 10000, route: vision, hasImageDataUrl: true} @ chrome-extension://enkdihhbkonapcacjeiglddkddmbpfej/content/content-main.js:98
[   70608ms] [WARNING] [ManualParse] attempt failed {blockId: manual-1777560058587, attempt: 1, timeoutMs: 10000, route: vision, error: non_stream_timeout} @ chrome-extension://enkdihhbkonapcacjeiglddkddmbpfej/content/content-main.js:98
[   70612ms] [INFO] [ManualParse] attempt start {blockId: manual-1777560058587, attempt: 2, timeoutMs: 20000, route: auto, hasImageDataUrl: true} @ chrome-extension://enkdihhbkonapcacjeiglddkddmbpfej/content/content-main.js:98
[   78331ms] [INFO] [ManualParse] attempt success {blockId: manual-1777560058587, attempt: 2, timeoutMs: 20000, route: auto, elapsedMs: 7718} @ chrome-extension://enkdihhbkonapcacjeiglddkddmbpfej/content/content-main.js:98
[  280367ms] [WARNING] ⚠️ 未找到选择器 ".test-basket" 对应的元素 @ https://www.tiku.cn/static/js/tk.js:15
[  280367ms] [WARNING] ⚠️ 未找到选择器 ".mask" 对应的元素 @ https://www.tiku.cn/static/js/tk.js:15
[  280367ms] [WARNING] ⚠️ 未找到ID为 "cancelClick" 的元素 @ https://www.tiku.cn/static/js/tk.js:10
[  280367ms] [WARNING] ⚠️ 未找到选择器 ".basket-close" 对应的元素 @ https://www.tiku.cn/static/js/tk.js:15
[  280367ms] [WARNING] ⚠️ 未找到ID为 "nextstep" 的元素 @ https://www.tiku.cn/static/js/tk.js:10
[  280367ms] [WARNING] ⚠️ 未找到选择器 ".tb-save" 对应的元素 @ https://www.tiku.cn/static/js/tk.js:15
[  280367ms] [WARNING] ⚠️ 未找到ID为 "tb-save-close" 的元素 @ https://www.tiku.cn/static/js/tk.js:10
[  280367ms] [WARNING] ⚠️ 未找到ID为 "basket-canel" 的元素 @ https://www.tiku.cn/static/js/tk.js:10
[  280367ms] [WARNING] ⚠️ 未找到ID为 "radio-1" 的元素 @ https://www.tiku.cn/static/js/tk.js:10
[  280367ms] [WARNING] ⚠️ 未找到ID为 "radio-2" 的元素 @ https://www.tiku.cn/static/js/tk.js:10
[  280367ms] [WARNING] ⚠️ 未找到ID为 "radio-3" 的元素 @ https://www.tiku.cn/static/js/tk.js:10
[  280367ms] [WARNING] ⚠️ 未找到ID为 "sel_1" 的元素 @ https://www.tiku.cn/static/js/tk.js:10
[  280367ms] [WARNING] ⚠️ 未找到ID为 "sel_2" 的元素 @ https://www.tiku.cn/static/js/tk.js:10
[  280367ms] [WARNING] ⚠️ 未找到ID为 "sel_3" 的元素 @ https://www.tiku.cn/static/js/tk.js:10
[  280367ms] [WARNING] ⚠️ 未找到ID为 "sel_4" 的元素 @ https://www.tiku.cn/static/js/tk.js:10
[  280374ms] [ERROR] Failed to load resource: net::ERR_CONNECTION_CLOSED @ https://hm.baidu.com/hm.js?02f32149c7ea90d0cd47ed89025e457c:0
[  297373ms] [LOG] [CaptureOverlay] destroy() called, overlay exists: true @ chrome-extension://enkdihhbkonapcacjeiglddkddmbpfej/content/content-main.js:0
[  297373ms] [LOG] [CaptureOverlay] removing overlay from DOM @ chrome-extension://enkdihhbkonapcacjeiglddkddmbpfej/content/content-main.js:0
[  297506ms] [INFO] [ManualParse] attempt start {blockId: manual-1777560304569, attempt: 1, timeoutMs: 10000, route: vision, hasImageDataUrl: true} @ chrome-extension://enkdihhbkonapcacjeiglddkddmbpfej/content/content-main.js:98
[  304595ms] [INFO] [ManualParse] attempt success {blockId: manual-1777560304569, attempt: 1, timeoutMs: 10000, route: vision, elapsedMs: 7089} @ chrome-extension://enkdihhbkonapcacjeiglddkddmbpfej/content/content-main.js:98
