[     196ms] [WARNING] ⚠️ 未找到选择器 ".test-basket" 对应的元素 @ https://www.tiku.cn/static/js/tk.js:15
[     196ms] [WARNING] ⚠️ 未找到选择器 ".mask" 对应的元素 @ https://www.tiku.cn/static/js/tk.js:15
[     196ms] [WARNING] ⚠️ 未找到ID为 "cancelClick" 的元素 @ https://www.tiku.cn/static/js/tk.js:10
[     196ms] [WARNING] ⚠️ 未找到选择器 ".basket-close" 对应的元素 @ https://www.tiku.cn/static/js/tk.js:15
[     196ms] [WARNING] ⚠️ 未找到ID为 "nextstep" 的元素 @ https://www.tiku.cn/static/js/tk.js:10
[     196ms] [WARNING] ⚠️ 未找到选择器 ".tb-save" 对应的元素 @ https://www.tiku.cn/static/js/tk.js:15
[     196ms] [WARNING] ⚠️ 未找到ID为 "tb-save-close" 的元素 @ https://www.tiku.cn/static/js/tk.js:10
[     196ms] [WARNING] ⚠️ 未找到ID为 "basket-canel" 的元素 @ https://www.tiku.cn/static/js/tk.js:10
[     196ms] [WARNING] ⚠️ 未找到ID为 "radio-1" 的元素 @ https://www.tiku.cn/static/js/tk.js:10
[     196ms] [WARNING] ⚠️ 未找到ID为 "radio-2" 的元素 @ https://www.tiku.cn/static/js/tk.js:10
[     196ms] [WARNING] ⚠️ 未找到ID为 "radio-3" 的元素 @ https://www.tiku.cn/static/js/tk.js:10
[     196ms] [WARNING] ⚠️ 未找到ID为 "sel_1" 的元素 @ https://www.tiku.cn/static/js/tk.js:10
[     196ms] [WARNING] ⚠️ 未找到ID为 "sel_2" 的元素 @ https://www.tiku.cn/static/js/tk.js:10
[     196ms] [WARNING] ⚠️ 未找到ID为 "sel_3" 的元素 @ https://www.tiku.cn/static/js/tk.js:10
[     196ms] [WARNING] ⚠️ 未找到ID为 "sel_4" 的元素 @ https://www.tiku.cn/static/js/tk.js:10
[     209ms] [ERROR] Failed to load resource: net::ERR_CONNECTION_CLOSED @ https://hm.baidu.com/hm.js?02f32149c7ea90d0cd47ed89025e457c:0
[   29310ms] [LOG] [CaptureOverlay] destroy() called, overlay exists: true @ chrome-extension://enkdihhbkonapcacjeiglddkddmbpfej/content/content-main.js:0
[   29311ms] [LOG] [CaptureOverlay] removing overlay from DOM @ chrome-extension://enkdihhbkonapcacjeiglddkddmbpfej/content/content-main.js:0
[   29545ms] [INFO] [ManualParse] attempt start {blockId: manual-1777560669922, attempt: 1, timeoutMs: 10000, route: vision, hasImageDataUrl: true} @ chrome-extension://enkdihhbkonapcacjeiglddkddmbpfej/content/content-main.js:98
[   37137ms] [INFO] [ManualParse] attempt success {blockId: manual-1777560669922, attempt: 1, timeoutMs: 10000, route: vision, elapsedMs: 7591} @ chrome-extension://enkdihhbkonapcacjeiglddkddmbpfej/content/content-main.js:98
[  166598ms] [LOG] [CaptureOverlay] destroy() called, overlay exists: true @ chrome-extension://enkdihhbkonapcacjeiglddkddmbpfej/content/content-main.js:0
[  166599ms] [LOG] [CaptureOverlay] removing overlay from DOM @ chrome-extension://enkdihhbkonapcacjeiglddkddmbpfej/content/content-main.js:0
[  166812ms] [INFO] [ManualParse] attempt start {blockId: manual-1777560807206, attempt: 1, timeoutMs: 10000, route: vision, hasImageDataUrl: true} @ chrome-extension://enkdihhbkonapcacjeiglddkddmbpfej/content/content-main.js:98
[  172843ms] [LOG] [CaptureOverlay] destroy() called, overlay exists: true @ chrome-extension://enkdihhbkonapcacjeiglddkddmbpfej/content/content-main.js:0
[  172844ms] [LOG] [CaptureOverlay] removing overlay from DOM @ chrome-extension://enkdihhbkonapcacjeiglddkddmbpfej/content/content-main.js:0
[  173515ms] [INFO] [ManualParse] attempt success {blockId: manual-1777560807206, attempt: 1, timeoutMs: 10000, route: vision, elapsedMs: 6702} @ chrome-extension://enkdihhbkonapcacjeiglddkddmbpfej/content/content-main.js:98
[  211986ms] [LOG] [CaptureOverlay] destroy() called, overlay exists: true @ chrome-extension://enkdihhbkonapcacjeiglddkddmbpfej/content/content-main.js:0
[  211987ms] [LOG] [CaptureOverlay] removing overlay from DOM @ chrome-extension://enkdihhbkonapcacjeiglddkddmbpfej/content/content-main.js:0
[  212193ms] [INFO] [ManualParse] attempt start {blockId: manual-1777560852594, attempt: 1, timeoutMs: 10000, route: vision, hasImageDataUrl: true} @ chrome-extension://enkdihhbkonapcacjeiglddkddmbpfej/content/content-main.js:98
[  218237ms] [LOG] [CaptureOverlay] destroy() called, overlay exists: true @ chrome-extension://enkdihhbkonapcacjeiglddkddmbpfej/content/content-main.js:0
[  218238ms] [LOG] [CaptureOverlay] removing overlay from DOM @ chrome-extension://enkdihhbkonapcacjeiglddkddmbpfej/content/content-main.js:0
[  219831ms] [INFO] [ManualParse] attempt success {blockId: manual-1777560852594, attempt: 1, timeoutMs: 10000, route: vision, elapsedMs: 7637} @ chrome-extension://enkdihhbkonapcacjeiglddkddmbpfej/content/content-main.js:98
[  258355ms] [LOG] [CaptureOverlay] destroy() called, overlay exists: true @ chrome-extension://enkdihhbkonapcacjeiglddkddmbpfej/content/content-main.js:0
[  258356ms] [LOG] [CaptureOverlay] removing overlay from DOM @ chrome-extension://enkdihhbkonapcacjeiglddkddmbpfej/content/content-main.js:0
[  258556ms] [INFO] [ManualParse] attempt start {blockId: manual-1777560898962, attempt: 1, timeoutMs: 10000, route: vision, hasImageDataUrl: true} @ chrome-extension://enkdihhbkonapcacjeiglddkddmbpfej/content/content-main.js:98
[  277580ms] [WARNING] [ManualParse] attempt failed {blockId: manual-1777560898962, attempt: 1, timeoutMs: 10000, route: vision, error: non_stream_timeout} @ chrome-extension://enkdihhbkonapcacjeiglddkddmbpfej/content/content-main.js:98
[  277580ms] [INFO] [ManualParse] attempt start {blockId: manual-1777560898962, attempt: 2, timeoutMs: 20000, route: auto, hasImageDataUrl: true} @ chrome-extension://enkdihhbkonapcacjeiglddkddmbpfej/content/content-main.js:98
[  278631ms] [LOG] [CaptureOverlay] destroy() called, overlay exists: true @ chrome-extension://enkdihhbkonapcacjeiglddkddmbpfej/content/content-main.js:0
[  278631ms] [LOG] [CaptureOverlay] removing overlay from DOM @ chrome-extension://enkdihhbkonapcacjeiglddkddmbpfej/content/content-main.js:0
[  288048ms] [INFO] [ManualParse] attempt success {blockId: manual-1777560898962, attempt: 2, timeoutMs: 20000, route: auto, elapsedMs: 10467} @ chrome-extension://enkdihhbkonapcacjeiglddkddmbpfej/content/content-main.js:98
[  288049ms] [INFO] [ManualParse] attempt start {blockId: manual-1777560898962, attempt: 1, timeoutMs: 10000, route: vision, hasImageDataUrl: true} @ chrome-extension://enkdihhbkonapcacjeiglddkddmbpfej/content/content-main.js:98
[  293676ms] [LOG] [CaptureOverlay] destroy() called, overlay exists: true @ chrome-extension://enkdihhbkonapcacjeiglddkddmbpfej/content/content-main.js:0
[  293677ms] [LOG] [CaptureOverlay] removing overlay from DOM @ chrome-extension://enkdihhbkonapcacjeiglddkddmbpfej/content/content-main.js:0
[  307067ms] [WARNING] [ManualParse] attempt failed {blockId: manual-1777560898962, attempt: 1, timeoutMs: 10000, route: vision, error: non_stream_timeout} @ chrome-extension://enkdihhbkonapcacjeiglddkddmbpfej/content/content-main.js:98
[  307068ms] [INFO] [ManualParse] attempt start {blockId: manual-1777560898962, attempt: 2, timeoutMs: 20000, route: auto, hasImageDataUrl: true} @ chrome-extension://enkdihhbkonapcacjeiglddkddmbpfej/content/content-main.js:98
[  308742ms] [LOG] [CaptureOverlay] destroy() called, overlay exists: true @ chrome-extension://enkdihhbkonapcacjeiglddkddmbpfej/content/content-main.js:0
[  308743ms] [LOG] [CaptureOverlay] removing overlay from DOM @ chrome-extension://enkdihhbkonapcacjeiglddkddmbpfej/content/content-main.js:0
[  308936ms] [INFO] [ManualParse] attempt start {blockId: manual-1777560949349, attempt: 1, timeoutMs: 10000, route: vision, hasImageDataUrl: true} @ chrome-extension://enkdihhbkonapcacjeiglddkddmbpfej/content/content-main.js:98
[  316440ms] [INFO] [ManualParse] attempt success {blockId: manual-1777560949349, attempt: 1, timeoutMs: 10000, route: vision, elapsedMs: 7503} @ chrome-extension://enkdihhbkonapcacjeiglddkddmbpfej/content/content-main.js:98
[  317885ms] [INFO] [ManualParse] attempt success {blockId: manual-1777560898962, attempt: 2, timeoutMs: 20000, route: auto, elapsedMs: 10817} @ chrome-extension://enkdihhbkonapcacjeiglddkddmbpfej/content/content-main.js:98
